// Vitest Snapshot v1, https://vitest.dev/guide/snapshot.html

exports[`Commands SQL authority > bootstraps all 37 exact defaults, alias and shared topic source 1`] = `
{
  "commands": [
    {
      "command": {
        "aliases": [],
        "category": "info",
        "counterSourceName": null,
        "createdAt": "<bootstrap instant>",
        "description": "Shows keyboard info and build video",
        "emptyResponse": "keyboard info is not available.",
        "enabled": true,
        "handlerKey": null,
        "name": "keyboard",
        "outputTemplate": "{value}",
        "permission": "everyone",
        "responseType": "static",
        "valueSourceName": "keyboard",
        "writePermission": null,
      },
      "counter": {
        "_id": "Option",
        "_tag": "None",
      },
      "value": {
        "_id": "Option",
        "_tag": "Some",
        "value": "ZSA Voyager with Choc White switches: https://www.youtube.com/watch?v=WfIfxaXC_Q4",
      },
    },
    {
      "command": {
        "aliases": [],
        "category": "info",
        "counterSourceName": null,
        "createdAt": "<bootstrap instant>",
        "description": "Shows social media links",
        "emptyResponse": "socials info is not available.",
        "enabled": true,
        "handlerKey": null,
        "name": "socials",
        "outputTemplate": "{value}",
        "permission": "everyone",
        "responseType": "static",
        "valueSourceName": "socials",
        "writePermission": null,
      },
      "counter": {
        "_id": "Option",
        "_tag": "None",
      },
      "value": {
        "_id": "Option",
        "_tag": "Some",
        "value": "GitHub: github.com/dmmulroy | X: x.com/dillon_mulroy",
      },
    },
    {
      "command": {
        "aliases": [],
        "category": "info",
        "counterSourceName": null,
        "createdAt": "<bootstrap instant>",
        "description": "Shows GitHub link",
        "emptyResponse": "github info is not available.",
        "enabled": true,
        "handlerKey": null,
        "name": "github",
        "outputTemplate": "{value}",
        "permission": "everyone",
        "responseType": "static",
        "valueSourceName": "github",
        "writePermission": null,
      },
      "counter": {
        "_id": "Option",
        "_tag": "None",
      },
      "value": {
        "_id": "Option",
        "_tag": "Some",
        "value": "Follow me on GitHub! -> https://github.com/dmmulroy",
      },
    },
    {
      "command": {
        "aliases": [],
        "category": "info",
        "counterSourceName": null,
        "createdAt": "<bootstrap instant>",
        "description": "Shows Twitter/X link",
        "emptyResponse": "twitter info is not available.",
        "enabled": true,
        "handlerKey": null,
        "name": "twitter",
        "outputTemplate": "{value}",
        "permission": "everyone",
        "responseType": "static",
        "valueSourceName": "twitter",
        "writePermission": null,
      },
      "counter": {
        "_id": "Option",
        "_tag": "None",
      },
      "value": {
        "_id": "Option",
        "_tag": "Some",
        "value": "Follow me on Twitter (X)! -> https://twitter.com/dillon_mulroy",
      },
    },
    {
      "command": {
        "aliases": [],
        "category": "info",
        "counterSourceName": null,
        "createdAt": "<bootstrap instant>",
        "description": "Shows stream schedule",
        "emptyResponse": "schedule info is not available.",
        "enabled": true,
        "handlerKey": null,
        "name": "schedule",
        "outputTemplate": "{value}",
        "permission": "everyone",
        "responseType": "static",
        "valueSourceName": "schedule",
        "writePermission": null,
      },
      "counter": {
        "_id": "Option",
        "_tag": "None",
      },
      "value": {
        "_id": "Option",
        "_tag": "Some",
        "value": "My stream schedule -> https://www.twitch.tv/dmmulroy/schedule",
      },
    },
    {
      "command": {
        "aliases": [],
        "category": "info",
        "counterSourceName": null,
        "createdAt": "<bootstrap instant>",
        "description": "Shows preferred coding font",
        "emptyResponse": "font info is not available.",
        "enabled": true,
        "handlerKey": null,
        "name": "font",
        "outputTemplate": "{value}",
        "permission": "everyone",
        "responseType": "static",
        "valueSourceName": "font",
        "writePermission": null,
      },
      "counter": {
        "_id": "Option",
        "_tag": "None",
      },
      "value": {
        "_id": "Option",
        "_tag": "Some",
        "value": "MonoLisa - https://www.monolisa.dev",
      },
    },
    {
      "command": {
        "aliases": [
          "df",
        ],
        "category": "info",
        "counterSourceName": null,
        "createdAt": "<bootstrap instant>",
        "description": "Shows dotfiles repository link",
        "emptyResponse": "dotfiles info is not available.",
        "enabled": true,
        "handlerKey": null,
        "name": "dotfiles",
        "outputTemplate": "{value}",
        "permission": "everyone",
        "responseType": "static",
        "valueSourceName": "dotfiles",
        "writePermission": null,
      },
      "counter": {
        "_id": "Option",
        "_tag": "None",
      },
      "value": {
        "_id": "Option",
        "_tag": "Some",
        "value": "My dotfiles can be found here: https://github.com/dmmulroy/.dotfiles !neovim for a youtube walkthrough of my neovim config.",
      },
    },
    {
      "command": {
        "aliases": [],
        "category": "info",
        "counterSourceName": null,
        "createdAt": "<bootstrap instant>",
        "description": "Shows what's being worked on today",
        "emptyResponse": "No topic set for today.",
        "enabled": true,
        "handlerKey": null,
        "name": "today",
        "outputTemplate": "Working on: {value}",
        "permission": "everyone",
        "responseType": "dynamic",
        "valueSourceName": "today",
        "writePermission": "moderator",
      },
      "counter": {
        "_id": "Option",
        "_tag": "None",
      },
      "value": {
        "_id": "Option",
        "_tag": "Some",
        "value": "",
      },
    },
    {
      "command": {
        "aliases": [],
        "category": "info",
        "counterSourceName": null,
        "createdAt": "<bootstrap instant>",
        "description": "Shows current project (alias for today)",
        "emptyResponse": "No topic set for today.",
        "enabled": true,
        "handlerKey": null,
        "name": "project",
        "outputTemplate": "Working on: {value}",
        "permission": "everyone",
        "responseType": "dynamic",
        "valueSourceName": "today",
        "writePermission": "moderator",
      },
      "counter": {
        "_id": "Option",
        "_tag": "None",
      },
      "value": {
        "_id": "Option",
        "_tag": "Some",
        "value": "",
      },
    },
    {
      "command": {
        "aliases": [],
        "category": "info",
        "counterSourceName": null,
        "createdAt": "<bootstrap instant>",
        "description": "Shows Plannotator link",
        "emptyResponse": "plan info is not available.",
        "enabled": true,
        "handlerKey": null,
        "name": "plan",
        "outputTemplate": "{value}",
        "permission": "everyone",
        "responseType": "static",
        "valueSourceName": "plan",
        "writePermission": null,
      },
      "counter": {
        "_id": "Option",
        "_tag": "None",
      },
      "value": {
        "_id": "Option",
        "_tag": "Some",
        "value": "Plannotator: https://plannotator.ai",
      },
    },
    {
      "command": {
        "aliases": [],
        "category": "info",
        "counterSourceName": null,
        "createdAt": "<bootstrap instant>",
        "description": "Shows Herdr link",
        "emptyResponse": "herdr info is not available.",
        "enabled": true,
        "handlerKey": null,
        "name": "herdr",
        "outputTemplate": "{value}",
        "permission": "everyone",
        "responseType": "static",
        "valueSourceName": "herdr",
        "writePermission": null,
      },
      "counter": {
        "_id": "Option",
        "_tag": "None",
      },
      "value": {
        "_id": "Option",
        "_tag": "Some",
        "value": "Herdr: https://herdr.dev/",
      },
    },
    {
      "command": {
        "aliases": [],
        "category": "info",
        "counterSourceName": null,
        "createdAt": "<bootstrap instant>",
        "description": "Shows Hex link",
        "emptyResponse": "hex info is not available.",
        "enabled": true,
        "handlerKey": null,
        "name": "hex",
        "outputTemplate": "{value}",
        "permission": "everyone",
        "responseType": "static",
        "valueSourceName": "hex",
        "writePermission": null,
      },
      "counter": {
        "_id": "Option",
        "_tag": "None",
      },
      "value": {
        "_id": "Option",
        "_tag": "Some",
        "value": "I am using Hex by Kit Langton: https://hex.kitlangton.com/",
      },
    },
    {
      "command": {
        "aliases": [],
        "category": "stats",
        "counterSourceName": {
          "_id": "Option",
          "_tag": "None",
        },
        "createdAt": "<bootstrap instant>",
        "description": "Shows user's unlocked achievements",
        "emptyResponse": null,
        "enabled": true,
        "handlerKey": "achievements",
        "name": "achievements",
        "outputTemplate": null,
        "permission": "everyone",
        "responseType": "computed",
        "valueSourceName": null,
        "writePermission": null,
      },
      "counter": {
        "_id": "Option",
        "_tag": "None",
      },
      "value": {
        "_id": "Option",
        "_tag": "None",
      },
    },
    {
      "command": {
        "aliases": [],
        "category": "stats",
        "counterSourceName": {
          "_id": "Option",
          "_tag": "None",
        },
        "createdAt": "<bootstrap instant>",
        "description": "Shows user's song/achievement/raffle stats",
        "emptyResponse": null,
        "enabled": true,
        "handlerKey": "stats",
        "name": "stats",
        "outputTemplate": null,
        "permission": "everyone",
        "responseType": "computed",
        "valueSourceName": null,
        "writePermission": null,
      },
      "counter": {
        "_id": "Option",
        "_tag": "None",
      },
      "value": {
        "_id": "Option",
        "_tag": "None",
      },
    },
    {
      "command": {
        "aliases": [],
        "category": "stats",
        "counterSourceName": {
          "_id": "Option",
          "_tag": "None",
        },
        "createdAt": "<bootstrap instant>",
        "description": "Shows top raffle winners",
        "emptyResponse": null,
        "enabled": true,
        "handlerKey": "raffle-leaderboard",
        "name": "raffle-leaderboard",
        "outputTemplate": null,
        "permission": "everyone",
        "responseType": "computed",
        "valueSourceName": null,
        "writePermission": null,
      },
      "counter": {
        "_id": "Option",
        "_tag": "None",
      },
      "value": {
        "_id": "Option",
        "_tag": "None",
      },
    },
    {
      "command": {
        "aliases": [],
        "category": "meta",
        "counterSourceName": {
          "_id": "Option",
          "_tag": "None",
        },
        "createdAt": "<bootstrap instant>",
        "description": "Lists available commands",
        "emptyResponse": null,
        "enabled": true,
        "handlerKey": "commands",
        "name": "commands",
        "outputTemplate": null,
        "permission": "everyone",
        "responseType": "computed",
        "valueSourceName": null,
        "writePermission": null,
      },
      "counter": {
        "_id": "Option",
        "_tag": "None",
      },
      "value": {
        "_id": "Option",
        "_tag": "None",
      },
    },
    {
      "command": {
        "aliases": [],
        "category": "meta",
        "counterSourceName": {
          "_id": "Option",
          "_tag": "None",
        },
        "createdAt": "<bootstrap instant>",
        "description": "Updates dynamic command values",
        "emptyResponse": null,
        "enabled": true,
        "handlerKey": "update",
        "name": "update",
        "outputTemplate": null,
        "permission": "vip",
        "responseType": "computed",
        "valueSourceName": null,
        "writePermission": null,
      },
      "counter": {
        "_id": "Option",
        "_tag": "None",
      },
      "value": {
        "_id": "Option",
        "_tag": "None",
      },
    },
    {
      "command": {
        "aliases": [],
        "category": "music",
        "counterSourceName": {
          "_id": "Option",
          "_tag": "None",
        },
        "createdAt": "<bootstrap instant>",
        "description": "Request a song via Spotify URL",
        "emptyResponse": null,
        "enabled": true,
        "handlerKey": "song",
        "name": "song",
        "outputTemplate": null,
        "permission": "everyone",
        "responseType": "computed",
        "valueSourceName": null,
        "writePermission": null,
      },
      "counter": {
        "_id": "Option",
        "_tag": "None",
      },
      "value": {
        "_id": "Option",
        "_tag": "None",
      },
    },
    {
      "command": {
        "aliases": [],
        "category": "music",
        "counterSourceName": {
          "_id": "Option",
          "_tag": "None",
        },
        "createdAt": "<bootstrap instant>",
        "description": "Shows current song queue",
        "emptyResponse": null,
        "enabled": true,
        "handlerKey": "queue",
        "name": "queue",
        "outputTemplate": null,
        "permission": "everyone",
        "responseType": "computed",
        "valueSourceName": null,
        "writePermission": null,
      },
      "counter": {
        "_id": "Option",
        "_tag": "None",
      },
      "value": {
        "_id": "Option",
        "_tag": "None",
      },
    },
    {
      "command": {
        "aliases": [],
        "category": "meta",
        "counterSourceName": null,
        "createdAt": "<bootstrap instant>",
        "description": "A fun one-liner response",
        "emptyResponse": "functor info is not available.",
        "enabled": true,
        "handlerKey": null,
        "name": "functor",
        "outputTemplate": "{value}",
        "permission": "everyone",
        "responseType": "static",
        "valueSourceName": "functor",
        "writePermission": null,
      },
      "counter": {
        "_id": "Option",
        "_tag": "None",
      },
      "value": {
        "_id": "Option",
        "_tag": "Some",
        "value": "Functor? I hardly know her!",
      },
    },
    {
      "command": {
        "aliases": [],
        "category": "info",
        "counterSourceName": null,
        "createdAt": "<bootstrap instant>",
        "description": "Shows streamer timezone",
        "emptyResponse": "location info is not available.",
        "enabled": true,
        "handlerKey": null,
        "name": "location",
        "outputTemplate": "{value}",
        "permission": "everyone",
        "responseType": "static",
        "valueSourceName": "location",
        "writePermission": null,
      },
      "counter": {
        "_id": "Option",
        "_tag": "None",
      },
      "value": {
        "_id": "Option",
        "_tag": "Some",
        "value": "I am in Eastern Standard Time!",
      },
    },
    {
      "command": {
        "aliases": [],
        "category": "meta",
        "counterSourceName": null,
        "createdAt": "<bootstrap instant>",
        "description": "OCaml command response",
        "emptyResponse": "ocaml info is not available.",
        "enabled": true,
        "handlerKey": null,
        "name": "ocaml",
        "outputTemplate": "{value}",
        "permission": "everyone",
        "responseType": "static",
        "valueSourceName": "ocaml",
        "writePermission": null,
      },
      "counter": {
        "_id": "Option",
        "_tag": "None",
      },
      "value": {
        "_id": "Option",
        "_tag": "Some",
        "value": "dmmulrOCaml",
      },
    },
    {
      "command": {
        "aliases": [],
        "category": "meta",
        "counterSourceName": null,
        "createdAt": "<bootstrap instant>",
        "description": "Lurk acknowledgement command",
        "emptyResponse": "lurk info is not available.",
        "enabled": true,
        "handlerKey": null,
        "name": "lurk",
        "outputTemplate": "{value}",
        "permission": "everyone",
        "responseType": "static",
        "valueSourceName": "lurk",
        "writePermission": null,
      },
      "counter": {
        "_id": "Option",
        "_tag": "None",
      },
      "value": {
        "_id": "Option",
        "_tag": "Some",
        "value": "\${user} is here but they are Lurking! Thank you for watching! \${random.emote}",
      },
    },
    {
      "command": {
        "aliases": [],
        "category": "info",
        "counterSourceName": null,
        "createdAt": "<bootstrap instant>",
        "description": "Shows YouTube channel link",
        "emptyResponse": "youtube info is not available.",
        "enabled": true,
        "handlerKey": null,
        "name": "youtube",
        "outputTemplate": "{value}",
        "permission": "everyone",
        "responseType": "static",
        "valueSourceName": "youtube",
        "writePermission": null,
      },
      "counter": {
        "_id": "Option",
        "_tag": "None",
      },
      "value": {
        "_id": "Option",
        "_tag": "Some",
        "value": "Check out my youtube! https://www.youtube.com/@dmmulroy",
      },
    },
    {
      "command": {
        "aliases": [],
        "category": "meta",
        "counterSourceName": null,
        "createdAt": "<bootstrap instant>",
        "description": "Unlurk acknowledgement command",
        "emptyResponse": "unlurk info is not available.",
        "enabled": true,
        "handlerKey": null,
        "name": "unlurk",
        "outputTemplate": "{value}",
        "permission": "everyone",
        "responseType": "static",
        "valueSourceName": "unlurk",
        "writePermission": null,
      },
      "counter": {
        "_id": "Option",
        "_tag": "None",
      },
      "value": {
        "_id": "Option",
        "_tag": "Some",
        "value": "\${user} is back on the saddle! Thanks for coming back! \${random.emote}",
      },
    },
    {
      "command": {
        "aliases": [],
        "category": "meta",
        "counterSourceName": null,
        "createdAt": "<bootstrap instant>",
        "description": "Error meme link",
        "emptyResponse": "errors info is not available.",
        "enabled": true,
        "handlerKey": null,
        "name": "errors",
        "outputTemplate": "{value}",
        "permission": "everyone",
        "responseType": "static",
        "valueSourceName": "errors",
        "writePermission": null,
      },
      "counter": {
        "_id": "Option",
        "_tag": "None",
      },
      "value": {
        "_id": "Option",
        "_tag": "Some",
        "value": "https://twitter.com/vitalyf/status/1582270207229251585",
      },
    },
    {
      "command": {
        "aliases": [],
        "category": "meta",
        "counterSourceName": null,
        "createdAt": "<bootstrap instant>",
        "description": "Vibes check command",
        "emptyResponse": "vibes info is not available.",
        "enabled": true,
        "handlerKey": null,
        "name": "vibes",
        "outputTemplate": "{value}",
        "permission": "everyone",
        "responseType": "static",
        "valueSourceName": "vibes",
        "writePermission": null,
      },
      "counter": {
        "_id": "Option",
        "_tag": "None",
      },
      "value": {
        "_id": "Option",
        "_tag": "Some",
        "value": "Immaculate",
      },
    },
    {
      "command": {
        "aliases": [],
        "category": "info",
        "counterSourceName": null,
        "createdAt": "<bootstrap instant>",
        "description": "Neovim config walkthrough link",
        "emptyResponse": "neovim info is not available.",
        "enabled": true,
        "handlerKey": null,
        "name": "neovim",
        "outputTemplate": "{value}",
        "permission": "everyone",
        "responseType": "static",
        "valueSourceName": "neovim",
        "writePermission": null,
      },
      "counter": {
        "_id": "Option",
        "_tag": "None",
      },
      "value": {
        "_id": "Option",
        "_tag": "Some",
        "value": "Here is a youtube video walkthrough of my neovim config: https://youtu.be/oo_I5lAmdi0",
      },
    },
    {
      "command": {
        "aliases": [],
        "category": "meta",
        "counterSourceName": null,
        "createdAt": "<bootstrap instant>",
        "description": "Clip command",
        "emptyResponse": "dict info is not available.",
        "enabled": true,
        "handlerKey": null,
        "name": "dict",
        "outputTemplate": "{value}",
        "permission": "everyone",
        "responseType": "static",
        "valueSourceName": "dict",
        "writePermission": null,
      },
      "counter": {
        "_id": "Option",
        "_tag": "None",
      },
      "value": {
        "_id": "Option",
        "_tag": "Some",
        "value": "https://clips.twitch.tv/SlipperySarcasticMosquitoTwitchRPG-9V43D-1B4NjpX1B0",
      },
    },
    {
      "command": {
        "aliases": [],
        "category": "meta",
        "counterSourceName": null,
        "createdAt": "<bootstrap instant>",
        "description": "BEAM slogan command",
        "emptyResponse": "beam info is not available.",
        "enabled": true,
        "handlerKey": null,
        "name": "beam",
        "outputTemplate": "{value}",
        "permission": "everyone",
        "responseType": "static",
        "valueSourceName": "beam",
        "writePermission": null,
      },
      "counter": {
        "_id": "Option",
        "_tag": "None",
      },
      "value": {
        "_id": "Option",
        "_tag": "Some",
        "value": "BEAM WORK MAKES THE DREAM WORK",
      },
    },
    {
      "command": {
        "aliases": [],
        "category": "meta",
        "counterSourceName": null,
        "createdAt": "<bootstrap instant>",
        "description": "GNU/Linux copypasta command",
        "emptyResponse": "linux info is not available.",
        "enabled": true,
        "handlerKey": null,
        "name": "linux",
        "outputTemplate": "{value}",
        "permission": "everyone",
        "responseType": "static",
        "valueSourceName": "linux",
        "writePermission": null,
      },
      "counter": {
        "_id": "Option",
        "_tag": "None",
      },
      "value": {
        "_id": "Option",
        "_tag": "Some",
        "value": "I'd just like to interject for a moment. What you're refering to as Linux, is in fact, GNU/Linux, or as I've recently taken to calling it, GNU plus Linux. Linux is not an operating system unto itself, but rather another free component of a fully functioning GNU system made useful by the GNU corelibs, shell utilities and vital system components comprising a full OS as defined by POSIX.",
      },
    },
    {
      "command": {
        "aliases": [],
        "category": "info",
        "counterSourceName": {
          "_id": "Option",
          "_tag": "None",
        },
        "createdAt": "<bootstrap instant>",
        "description": "Shows current Eastern time",
        "emptyResponse": null,
        "enabled": true,
        "handlerKey": "time",
        "name": "time",
        "outputTemplate": null,
        "permission": "everyone",
        "responseType": "computed",
        "valueSourceName": null,
        "writePermission": null,
      },
      "counter": {
        "_id": "Option",
        "_tag": "None",
      },
      "value": {
        "_id": "Option",
        "_tag": "None",
      },
    },
    {
      "command": {
        "aliases": [],
        "category": "meta",
        "counterSourceName": null,
        "createdAt": "<bootstrap instant>",
        "description": "Security leak meme command",
        "emptyResponse": "leak info is not available.",
        "enabled": true,
        "handlerKey": null,
        "name": "leak",
        "outputTemplate": "{value}",
        "permission": "everyone",
        "responseType": "dynamic",
        "valueSourceName": "leak",
        "writePermission": "vip",
      },
      "counter": {
        "_id": "Option",
        "_tag": "None",
      },
      "value": {
        "_id": "Option",
        "_tag": "Some",
        "value": "Dillon last leaked his keys on 23 Jan 2026 (before on 09 Dec 2025 ), admin secret on 16 Feb 2026",
      },
    },
    {
      "command": {
        "aliases": [],
        "category": "stats",
        "counterSourceName": {
          "_id": "Option",
          "_tag": "Some",
          "value": "skillissue",
        },
        "createdAt": "<bootstrap instant>",
        "description": "Increments and shows skill issue count",
        "emptyResponse": null,
        "enabled": true,
        "handlerKey": "skillissue",
        "name": "skillissue",
        "outputTemplate": null,
        "permission": "vip",
        "responseType": "computed",
        "valueSourceName": null,
        "writePermission": null,
      },
      "counter": {
        "_id": "Option",
        "_tag": "Some",
        "value": 0,
      },
      "value": {
        "_id": "Option",
        "_tag": "None",
      },
    },
    {
      "command": {
        "aliases": [],
        "category": "meta",
        "counterSourceName": null,
        "createdAt": "<bootstrap instant>",
        "description": "Truth clip command",
        "emptyResponse": "truth info is not available.",
        "enabled": true,
        "handlerKey": null,
        "name": "truth",
        "outputTemplate": "{value}",
        "permission": "everyone",
        "responseType": "static",
        "valueSourceName": "truth",
        "writePermission": null,
      },
      "counter": {
        "_id": "Option",
        "_tag": "None",
      },
      "value": {
        "_id": "Option",
        "_tag": "Some",
        "value": "https://www.twitch.tv/dmmulroy/clip/RichObedientWalletKeyboardCat-UiKKTpgvCKHVyFHd",
      },
    },
    {
      "command": {
        "aliases": [],
        "category": "info",
        "counterSourceName": null,
        "createdAt": "<bootstrap instant>",
        "description": "Shows current job",
        "emptyResponse": "job info is not available.",
        "enabled": true,
        "handlerKey": null,
        "name": "job",
        "outputTemplate": "{value}",
        "permission": "everyone",
        "responseType": "static",
        "valueSourceName": "job",
        "writePermission": null,
      },
      "counter": {
        "_id": "Option",
        "_tag": "None",
      },
      "value": {
        "_id": "Option",
        "_tag": "Some",
        "value": "I am Principal Engineer and Rockstar TypeScript Developer at Cloudflare 1.1.1.1",
      },
    },
    {
      "command": {
        "aliases": [],
        "category": "info",
        "counterSourceName": null,
        "createdAt": "<bootstrap instant>",
        "description": "Shows browser recommendation link",
        "emptyResponse": "browser info is not available.",
        "enabled": true,
        "handlerKey": null,
        "name": "browser",
        "outputTemplate": "{value}",
        "permission": "everyone",
        "responseType": "static",
        "valueSourceName": "browser",
        "writePermission": null,
      },
      "counter": {
        "_id": "Option",
        "_tag": "None",
      },
      "value": {
        "_id": "Option",
        "_tag": "Some",
        "value": "Helium Browser: https://helium.computer",
      },
    },
  ],
  "initialized": true,
  "revision": 1,
  "totals": {
    "computed": 9,
    "dynamic": 3,
    "enabled": 37,
    "static": 25,
    "total": 37,
  },
}
`;
